------------------------------------------------------------
TimeQuest Timing Analyzer Summary
------------------------------------------------------------

Type  : Slow 1100mV 85C Model Setup 'phaselockedloop|mypll_inst|altera_pll_i|general[0].gpll~PLL_OUTPUT_COUNTER|divclk'
Slack : -8.292
TNS   : -71.558

Type  : Slow 1100mV 85C Model Setup 'move_cube:cube_moviment|clk_ref'
Slack : -7.721
TNS   : -465.093

Type  : Slow 1100mV 85C Model Hold 'phaselockedloop|mypll_inst|altera_pll_i|general[0].gpll~PLL_OUTPUT_COUNTER|divclk'
Slack : -3.305
TNS   : -23.222

Type  : Slow 1100mV 85C Model Hold 'move_cube:cube_moviment|clk_ref'
Slack : 0.273
TNS   : 0.000

Type  : Slow 1100mV 85C Model Minimum Pulse Width 'move_cube:cube_moviment|clk_ref'
Slack : -0.394
TNS   : -39.180

Type  : Slow 1100mV 85C Model Minimum Pulse Width 'phaselockedloop|mypll_inst|altera_pll_i|general[0].gpll~FRACTIONAL_PLL|vcoph[0]'
Slack : 1.666
TNS   : 0.000

Type  : Slow 1100mV 85C Model Minimum Pulse Width 'CLOCK_50'
Slack : 9.900
TNS   : 0.000

Type  : Slow 1100mV 85C Model Minimum Pulse Width 'phaselockedloop|mypll_inst|altera_pll_i|general[0].gpll~PLL_OUTPUT_COUNTER|divclk'
Slack : 19.288
TNS   : 0.000

Type  : Slow 1100mV 0C Model Setup 'phaselockedloop|mypll_inst|altera_pll_i|general[0].gpll~PLL_OUTPUT_COUNTER|divclk'
Slack : -7.697
TNS   : -66.202

Type  : Slow 1100mV 0C Model Setup 'move_cube:cube_moviment|clk_ref'
Slack : -7.519
TNS   : -451.604

Type  : Slow 1100mV 0C Model Hold 'phaselockedloop|mypll_inst|altera_pll_i|general[0].gpll~PLL_OUTPUT_COUNTER|divclk'
Slack : -3.574
TNS   : -25.428

Type  : Slow 1100mV 0C Model Hold 'move_cube:cube_moviment|clk_ref'
Slack : 0.274
TNS   : 0.000

Type  : Slow 1100mV 0C Model Minimum Pulse Width 'move_cube:cube_moviment|clk_ref'
Slack : -0.394
TNS   : -39.051

Type  : Slow 1100mV 0C Model Minimum Pulse Width 'phaselockedloop|mypll_inst|altera_pll_i|general[0].gpll~FRACTIONAL_PLL|vcoph[0]'
Slack : 1.666
TNS   : 0.000

Type  : Slow 1100mV 0C Model Minimum Pulse Width 'CLOCK_50'
Slack : 9.926
TNS   : 0.000

Type  : Slow 1100mV 0C Model Minimum Pulse Width 'phaselockedloop|mypll_inst|altera_pll_i|general[0].gpll~PLL_OUTPUT_COUNTER|divclk'
Slack : 19.249
TNS   : 0.000

Type  : Fast 1100mV 85C Model Setup 'phaselockedloop|mypll_inst|altera_pll_i|general[0].gpll~PLL_OUTPUT_COUNTER|divclk'
Slack : -5.281
TNS   : -46.734

Type  : Fast 1100mV 85C Model Setup 'move_cube:cube_moviment|clk_ref'
Slack : -4.432
TNS   : -271.774

Type  : Fast 1100mV 85C Model Hold 'phaselockedloop|mypll_inst|altera_pll_i|general[0].gpll~PLL_OUTPUT_COUNTER|divclk'
Slack : -1.812
TNS   : -12.457

Type  : Fast 1100mV 85C Model Hold 'move_cube:cube_moviment|clk_ref'
Slack : 0.092
TNS   : 0.000

Type  : Fast 1100mV 85C Model Minimum Pulse Width 'move_cube:cube_moviment|clk_ref'
Slack : -0.054
TNS   : -0.787

Type  : Fast 1100mV 85C Model Minimum Pulse Width 'phaselockedloop|mypll_inst|altera_pll_i|general[0].gpll~FRACTIONAL_PLL|vcoph[0]'
Slack : 1.666
TNS   : 0.000

Type  : Fast 1100mV 85C Model Minimum Pulse Width 'CLOCK_50'
Slack : 9.643
TNS   : 0.000

Type  : Fast 1100mV 85C Model Minimum Pulse Width 'phaselockedloop|mypll_inst|altera_pll_i|general[0].gpll~PLL_OUTPUT_COUNTER|divclk'
Slack : 19.545
TNS   : 0.000

Type  : Fast 1100mV 0C Model Setup 'phaselockedloop|mypll_inst|altera_pll_i|general[0].gpll~PLL_OUTPUT_COUNTER|divclk'
Slack : -4.228
TNS   : -37.294

Type  : Fast 1100mV 0C Model Setup 'move_cube:cube_moviment|clk_ref'
Slack : -3.897
TNS   : -237.008

Type  : Fast 1100mV 0C Model Hold 'phaselockedloop|mypll_inst|altera_pll_i|general[0].gpll~PLL_OUTPUT_COUNTER|divclk'
Slack : -2.033
TNS   : -14.371

Type  : Fast 1100mV 0C Model Hold 'move_cube:cube_moviment|clk_ref'
Slack : 0.079
TNS   : 0.000

Type  : Fast 1100mV 0C Model Minimum Pulse Width 'move_cube:cube_moviment|clk_ref'
Slack : -0.010
TNS   : -0.042

Type  : Fast 1100mV 0C Model Minimum Pulse Width 'phaselockedloop|mypll_inst|altera_pll_i|general[0].gpll~FRACTIONAL_PLL|vcoph[0]'
Slack : 1.666
TNS   : 0.000

Type  : Fast 1100mV 0C Model Minimum Pulse Width 'CLOCK_50'
Slack : 9.632
TNS   : 0.000

Type  : Fast 1100mV 0C Model Minimum Pulse Width 'phaselockedloop|mypll_inst|altera_pll_i|general[0].gpll~PLL_OUTPUT_COUNTER|divclk'
Slack : 19.537
TNS   : 0.000

------------------------------------------------------------
